Microsoft Windows [Version 10.0.26200.7628]
(c) Microsoft Corporation. All rights reserved.

R:\aqualink-automate>