Test project R:/aqualink-automate/build/config-windows-msvc-debug
    Start 1: AqualinkAutomateUnitTests
1/2 Test #1: AqualinkAutomateUnitTests ........   Passed    0.64 sec
    Start 2: AqualinkAutomatePerfTests
2/2 Test #2: AqualinkAutomatePerfTests ........***Failed   48.21 sec
2026-01-30T23:22:16+11:00
Running R:/aqualink-automate/build/config-windows-msvc-debug/test/perfaqualink-automate.exe
Run on (32 X 3400 MHz CPU s)
CPU Caches:
  L1 Data 32 KiB (x16)
  L1 Instruction 32 KiB (x16)
  L2 Unified 512 KiB (x16)
  L3 Unified 32768 KiB (x2)
***WARNING*** Library was built as DEBUG. Timings may be affected.
------------------------------------------------------------------------------------------------------------------------
Benchmark                                                              Time             CPU   Iterations UserCounters...
------------------------------------------------------------------------------------------------------------------------
BM_Factory_CreateMessage_Ack                                       76205 ns        76730 ns         8960 items_per_second=13.0327k/s
BM_Factory_CreateMessage_Status                                    56570 ns        57199 ns        11200 items_per_second=17.4829k/s
BM_Factory_CreateMessage_Probe                                     55847 ns        55804 ns        11200 items_per_second=17.92k/s
BM_Factory_CreateMessage_Message                                   57597 ns        57199 ns        11200 items_per_second=17.4829k/s
BM_Factory_CreateMessage_Unknown                                   62942 ns        62779 ns        11200 items_per_second=15.9289k/s
BM_Factory_CreateMessage_IAQPoll                                   63854 ns        62779 ns         8960 items_per_second=15.9289k/s
Factory_HotVsCold_Fixture/HotPath_Sequential                       86999 ns        87891 ns        11200 items_per_second=11.3778k/s
Factory_HotVsCold_Fixture/ColdPath_Sequential                      84439 ns        83705 ns        11200 items_per_second=11.9467k/s
Factory_RoundTrip_Fixed_Fixture/RoundTrip_Ack                     295117 ns       296490 ns         2635 bytes_per_second=263.5Ki/s
Factory_RoundTrip_Fixed_Fixture/RoundTrip_Status                  184784 ns       181370 ns         3446 bytes_per_second=430.75Ki/s
Factory_RoundTrip_Message_Fixture/RoundTrip_Message/1                291 us          293 us         2240 bytes_per_second=200Ki/s
Factory_RoundTrip_Message_Fixture/RoundTrip_Message/21               148 us          148 us         5600 bytes_per_second=1.74123Mi/s
Factory_RoundTrip_Message_Fixture/RoundTrip_Message/41               169 us          169 us         4978 bytes_per_second=3.54472Mi/s
Factory_RoundTrip_Message_Fixture/RoundTrip_Message/61               183 us          185 us         4480 bytes_per_second=5.88149Mi/s
Factory_RoundTrip_Message_Fixture/RoundTrip_Message/81               201 us          201 us         3733 bytes_per_second=8.54416Mi/s
Factory_RoundTrip_Message_Fixture/RoundTrip_Message/101              245 us          240 us         3446 bytes_per_second=10.3576Mi/s
BM_Factory_BatchCreate_HotPath/10                                    886 us          889 us          896 items_per_second=11.2439k/s
BM_Factory_BatchCreate_HotPath/100                                  8462 us         8371 us          112 items_per_second=11.9467k/s
BM_Factory_BatchCreate_HotPath/1000                                88173 us        88542 us            9 items_per_second=11.2941k/s
BM_Factory_BatchCreate_Mixed/10                                      694 us          680 us          896 items_per_second=14.7036k/s
BM_Factory_BatchCreate_Mixed/100                                    7598 us         7673 us          112 items_per_second=13.0327k/s
BM_Factory_BatchCreate_Mixed/1000                                  79232 us        80357 us            7 items_per_second=12.4444k/s
Factory_RealisticWorkload_Fixture/RealisticWorkload/100             7735 us         7639 us           90 items_per_second=13.0909k/s
Factory_RealisticWorkload_Fixture/RealisticWorkload/1000           74176 us        73661 us            7 items_per_second=13.5758k/s
Factory_RealisticWorkload_Fixture/RealisticWorkload/10000         747618 us       750000 us            1 items_per_second=13.3333k/s
BM_Factory_CacheEfficiency_HotOnly/threads:1                      119408 ns       119275 ns         7467 items_per_second=8.384k/s
BM_Factory_CacheEfficiency_HotOnly/threads:4                      403189 ns       334087 ns         2432 items_per_second=2.99323k/s
BM_Factory_CacheEfficiency_HotOnly/threads:8                      865054 ns       611034 ns         1432 items_per_second=1.63657k/s
BM_Factory_CacheEfficiency_Alternating/threads:1                   98617 ns        94164 ns         7467 items_per_second=10.6197k/s
BM_Factory_CacheEfficiency_Alternating/threads:4                  312903 ns       213623 ns         2560 items_per_second=4.68114k/s
BM_Factory_CacheEfficiency_Alternating/threads:8                  673544 ns       299072 ns         2560 items_per_second=3.34367k/s
BM_Factory_ErrorPath_InvalidMessageId                              81468 ns        80218 ns         8960 items_per_second=12.4661k/s
BM_Factory_ErrorPath_TooShort                                       8764 ns         8789 ns       112000 items_per_second=113.778k/s
LatencyTracker_Record_Fixture/Record_SingleSample                    315 ns          305 ns      1792000 items_per_second=3.2768M/s
LatencyTracker_Record_Fixture/Record_HighLoad/100                   32.2 us         32.2 us        20364 items_per_second=3.10309M/s
LatencyTracker_Record_Fixture/Record_HighLoad/500                    166 us          166 us         4978 items_per_second=3.00558M/s
LatencyTracker_Record_Fixture/Record_HighLoad/1000                   312 us          317 us         2662 items_per_second=3.15496M/s
LatencyTracker_Snapshot_Fixture/GetSnapshot/100                     40.6 us         39.8 us        23579 items_per_second=25.1509k/s
LatencyTracker_Snapshot_Fixture/GetSnapshot/500                      201 us          195 us         3446 items_per_second=5.12893k/s
LatencyTracker_Snapshot_Fixture/GetSnapshot/1000                     423 us          420 us         1600 items_per_second=2.3814k/s
ScopedMeasurement_Fixture/ScopedMeasurement_Overhead                 380 ns          377 ns      1866667 items_per_second=2.65482M/s
ScopedMeasurement_Fixture/ScopedMeasurement_Cancelled               38.9 ns         38.5 ns     19478261 items_per_second=25.971M/s
LatencyTracker_Concurrent_Fixture/InterleavedOperations              426 us          424 us         1659 items_per_second=25.9541k/s
LatencyTracker_Pruning_Fixture/RecordWithPruning/100                 328 ns          332 ns      2635294 items_per_second=3.01176M/s
LatencyTracker_Pruning_Fixture/RecordWithPruning/500                 296 ns          298 ns      2357895 items_per_second=3.35345M/s
LatencyTracker_Pruning_Fixture/RecordWithPruning/1000                335 ns          339 ns      2488889 items_per_second=2.94979M/s
MessageFactory_Fixture/CreateMessage_Ack                           93493 ns        94169 ns         8960 items_per_second=10.6193k/s
MessageFactory_Fixture/CreateMessage_Probe                         66414 ns        66267 ns         8960 items_per_second=15.0905k/s
MessageFactory_Fixture/CreateMessage_Status                        67521 ns        67188 ns        10000 items_per_second=14.8837k/s
MessageFactory_Fixture/CreateMessage_MessageLong                   66689 ns        65569 ns        11200 items_per_second=15.2511k/s
Assertion failed: range_.size() > pos, file R:\aqualink-automate\deps\vcpkg\buildtrees\benchmark\src\v1.9.4-cdd8a0ac04.clean\include\benchmark/benchmark.h, line 930


50% tests passed, 1 tests failed out of 2

Total Test time (real) =  48.85 sec

The following tests FAILED:
	  2 - AqualinkAutomatePerfTests (Failed)
ctest : Errors while running CTest
At line:1 char:143
+ ... qualink-automate; ctest --preset test-windows-msvc-debug 2>&1 | Out-F ...
+                       ~~~~~~~~~~~~~~~~~~~~~~~~~~~~~~~~~~~~~~~~~~~
    + CategoryInfo          : NotSpecified: (Errors while running CTest:String) [], RemoteException
    + FullyQualifiedErrorId : NativeCommandError
 
